]0;/stor/home/gs27275/website]0;gs27275@educcomp01: ~/website[01;32mgs27275@educcomp01[00m:[01;34m~/website[00m$ [K]0;gs27275@educcomp01: ~/website[01;32mgs27275@educcomp01[00m:[01;34m~/website[00m$ 
]0;/stor/home/gs27275/website]0;gs27275@educcomp01: ~/website[01;32mgs27275@educcomp01[00m:[01;34m~/website[00m$ lz[Ks
config.toml  [0m[01;34mcontent[0m  index.Rmd  [01;34mpublic[0m  [01;34mstatic[0m  [01;34mthemes[0m  website.Rproj
]0;/stor/home/gs27275/website]0;gs27275@educcomp01: ~/website[01;32mgs27275@educcomp01[00m:[01;34m~/website[00m$ git init
Initialized empty Git repository in /stor/home/gs27275/website/.git/
]0;/stor/home/gs27275/website]0;gs27275@educcomp01: ~/website[01;32mgs27275@educcomp01[00m:[01;34m~/website[00m$ ls -a
[0m[01;34m.[0m  [01;34m..[0m  config.toml  [01;34mcontent[0m  [01;34m.git[0m  index.Rmd  [01;34mpublic[0m  [01;34m.Rproj.user[0m  [01;34mstatic[0m  [01;34mthemes[0m  website.Rproj
]0;/stor/home/gs27275/website]0;gs27275@educcomp01: ~/website[01;32mgs27275@educcomp01[00m:[01;34m~/website[00m$ git add.
git: 'add.' is not a git command. See 'git --help'.

The most similar command is
	add
]0;/stor/home/gs27275/website]0;gs27275@educcomp01: ~/website[01;32mgs27275@educcomp01[00m:[01;34m~/website[00m$ git add .
]0;/stor/home/gs27275/website]0;gs27275@educcomp01: ~/website[01;32mgs27275@educcomp01[00m:[01;34m~/website[00m$ git commit -m "first try [K"
[master (root-commit) 0b81260] first try
 Committer: Grant Sinclair <gs27275@educcomp01.ccbb.utexas.edu>
Your name and email address were configured automatically based
on your username and hostname. Please check that they are accurate.
You can suppress this message by setting them explicitly. Run the
following command and follow the instructions in your editor to edit
your configuration file:

    git config --global --edit

After doing this, you may fix the identity used for this commit with:

    git commit --amend --reset-author

 189 files changed, 15509 insertions(+)
 create mode 100644 .Rproj.user/C2A4F7AD/console06/1945158C
 create mode 100644 .Rproj.user/C2A4F7AD/console06/1945158C.env
 create mode 100644 .Rproj.user/C2A4F7AD/console06/INDEX001
 create mode 100644 .Rproj.user/C2A4F7AD/pcs/files-pane.pper
 create mode 100644 .Rproj.user/C2A4F7AD/pcs/source-pane.pper
 create mode 100644 .Rproj.user/C2A4F7AD/pcs/windowlayoutstate.pper
 create mode 100644 .Rproj.user/C2A4F7AD/pcs/workbench-pane.pper
 create mode 100644 .Rproj.user/C2A4F7AD/persistent-state
 create mode 100644 .Rproj.user/C2A4F7AD/saved_source_markers
 create mode 100644 .Rproj.user/C2A4F7AD/sources/prop/43C9C21F
 create mode 100644 .Rproj.user/C2A4F7AD/sources/prop/4A7F89EC
 create mode 100644 .Rproj.user/C2A4F7AD/sources/prop/675BF4B9
 create mode 100644 .Rproj.user/C2A4F7AD/sources/prop/77F1609E
 create mode 100644 .Rproj.user/C2A4F7AD/sources/prop/98136237
 create mode 100644 .Rproj.user/C2A4F7AD/sources/prop/C1899923
 create mode 100644 .Rproj.user/C2A4F7AD/sources/prop/C27B462E
 create mode 100644 .Rproj.user/C2A4F7AD/sources/prop/CAD041AE
 create mode 100644 .Rproj.user/C2A4F7AD/sources/prop/D2DDFD54
 create mode 100644 .Rproj.user/C2A4F7AD/sources/prop/D4CB55C5
 create mode 100644 .Rproj.user/C2A4F7AD/sources/prop/E98665A6
 create mode 100644 .Rproj.user/C2A4F7AD/sources/prop/EEBE4B44
 create mode 100644 .Rproj.user/C2A4F7AD/sources/prop/INDEX
 create mode 100644 .Rproj.user/C2A4F7AD/sources/s-819539bf/3800EB3F
 create mode 100644 .Rproj.user/C2A4F7AD/sources/s-819539bf/3800EB3F-contents
 create mode 100644 .Rproj.user/C2A4F7AD/sources/s-819539bf/3AAE1FE0
 create mode 100644 .Rproj.user/C2A4F7AD/sources/s-819539bf/3AAE1FE0-contents
 create mode 100644 .Rproj.user/C2A4F7AD/sources/s-819539bf/57FBE728
 create mode 100644 .Rproj.user/C2A4F7AD/sources/s-819539bf/57FBE728-contents
 create mode 100644 .Rproj.user/C2A4F7AD/sources/s-819539bf/7379B97C
 create mode 100644 .Rproj.user/C2A4F7AD/sources/s-819539bf/7379B97C-contents
 create mode 100644 .Rproj.user/C2A4F7AD/sources/s-819539bf/8220F7CD-contents
 create mode 100644 .Rproj.user/C2A4F7AD/sources/s-819539bf/A7AED24E-contents
 create mode 100644 .Rproj.user/C2A4F7AD/sources/s-819539bf/AFCE41CF
 create mode 100644 .Rproj.user/C2A4F7AD/sources/s-819539bf/AFCE41CF-contents
 create mode 100644 .Rproj.user/C2A4F7AD/sources/s-819539bf/AFD92472
 create mode 100644 .Rproj.user/C2A4F7AD/sources/s-819539bf/AFD92472-contents
 create mode 100644 .Rproj.user/C2A4F7AD/sources/s-819539bf/B4152F3B-contents
 create mode 100644 .Rproj.user/C2A4F7AD/sources/s-819539bf/B4D71D6A
 create mode 100644 .Rproj.user/C2A4F7AD/sources/s-819539bf/B4D71D6A-contents
 create mode 100644 .Rproj.user/C2A4F7AD/sources/s-819539bf/BA054443-contents
 create mode 100644 .Rproj.user/C2A4F7AD/sources/s-819539bf/CA84E74E-contents
 create mode 100644 .Rproj.user/C2A4F7AD/sources/s-819539bf/E93E659E
 create mode 100644 .Rproj.user/C2A4F7AD/sources/s-819539bf/E93E659E-contents
 create mode 100644 .Rproj.user/C2A4F7AD/sources/s-819539bf/EC2AF906
 create mode 100644 .Rproj.user/C2A4F7AD/sources/s-819539bf/EC2AF906-contents
 create mode 100644 .Rproj.user/C2A4F7AD/sources/s-819539bf/lock_file
 create mode 100644 .Rproj.user/shared/notebooks/10395830-project1/1/s/chunks.json
 create mode 100644 .Rproj.user/shared/notebooks/E454EFC9-project1/1/C2A4F7AD819539bf/chunks.json
 create mode 100644 .Rproj.user/shared/notebooks/E454EFC9-project1/1/s/chunks.json
 create mode 100644 .Rproj.user/shared/notebooks/F3F8ACD1-project2/1/C2A4F7AD819539bf/chunks.json
 create mode 100644 .Rproj.user/shared/notebooks/F3F8ACD1-project2/1/s/chunks.json
 create mode 100644 .Rproj.user/shared/notebooks/F7CABBC9-2020-05-13-new-blog-post/1/C2A4F7AD819539bf/chunks.json
 create mode 100644 .Rproj.user/shared/notebooks/F7CABBC9-2020-05-13-new-blog-post/1/s/chunks.json
 create mode 100644 .Rproj.user/shared/notebooks/patch-chunk-names
 create mode 100644 .Rproj.user/shared/notebooks/paths
 create mode 100644 config.toml
 create mode 100644 content/blog/2020-05-13-new-blog-post.Rmd
 create mode 100644 content/blog/2020-05-13-new-blog-post.html
 create mode 100644 content/project1.Rmd
 create mode 100644 content/project1.html
 create mode 100644 content/project1fin.pdf
 create mode 100644 content/project2.Rmd
 create mode 100644 content/project2.html
 create mode 100644 content/project2fin.pdf
 create mode 100644 content/projects.md
 create mode 100644 index.Rmd
 create mode 100644 public/404.html
 create mode 100644 public/Resume2020.pdf
 create mode 100644 public/blog/2015-07-23-r-rmarkdown.Rmd
 create mode 100644 public/blog/2015-07-23-r-rmarkdown/index.html
 create mode 100644 public/blog/2015-07-23-r-rmarkdown_files/figure-html/pie-1.png
 create mode 100644 public/blog/2020-05-13-new-blog-post.Rmd
 create mode 100644 public/blog/creating-a-new-theme/index.html
 create mode 100644 public/blog/goisforlovers/index.html
 create mode 100644 public/blog/hugoisforlovers/index.html
 create mode 100644 public/blog/index.html
 create mode 100644 public/blog/index.xml
 create mode 100644 public/blog/migrate-from-jekyll/index.html
 create mode 100644 public/blog/new-blog-post/index.html
 create mode 100644 public/categories/development/index.html
 create mode 100644 public/categories/development/index.xml
 create mode 100644 public/categories/golang/index.html
 create mode 100644 public/categories/golang/index.xml
 create mode 100644 public/categories/index.html
 create mode 100644 public/categories/index.xml
 create mode 100644 public/categories/projects/index.html
 create mode 100644 public/categories/projects/index.xml
 create mode 100644 public/categories/r/index.html
 create mode 100644 public/categories/r/index.xml
 create mode 100644 public/css/main.css
 create mode 100644 public/img/me.jpg
 create mode 100644 public/img/profile.png
 create mode 100644 public/index.html
 create mode 100644 public/index.xml
 create mode 100644 public/js/docs.min.js
 create mode 100644 public/js/ie10-viewport-bug-workaround.js
 create mode 100644 public/js/main.js
 create mode 100644 public/project1.Rmd
 create mode 100644 public/project1/index.html
 create mode 100644 public/project1_files/figure-html/unnamed-chunk-5-1.png
 create mode 100644 public/project1_files/figure-html/unnamed-chunk-5-2.png
 create mode 100644 public/project1_files/figure-html/unnamed-chunk-5-3.png
 create mode 100644 public/project1_files/figure-html/unnamed-chunk-6-1.png
 create mode 100644 public/project1_files/figure-html/unnamed-chunk-6-2.png
 create mode 100644 public/project1_files/figure-html/unnamed-chunk-6-3.png
 create mode 100644 public/project1_files/figure-html/unnamed-chunk-6-4.png
 create mode 100644 public/project1fin.pdf
 create mode 100644 public/project2.Rmd
 create mode 100644 public/project2/index.html
 create mode 100644 public/project2_files/figure-html/unnamed-chunk-3-1.png
 create mode 100644 public/project2_files/figure-html/unnamed-chunk-4-1.png
 create mode 100644 public/project2_files/figure-html/unnamed-chunk-4-2.png
 create mode 100644 public/project2_files/figure-html/unnamed-chunk-4-3.png
 create mode 100644 public/project2_files/figure-html/unnamed-chunk-4-4.png
 create mode 100644 public/project2_files/figure-html/unnamed-chunk-6-1.png
 create mode 100644 public/project2_files/figure-html/unnamed-chunk-6-2.png
 create mode 100644 public/project2fin.pdf
 create mode 100644 public/projects/index.html
 create mode 100644 public/resume.pdf
 create mode 100644 public/sitemap.xml
 create mode 100644 public/tags/development/index.html
 create mode 100644 public/tags/development/index.xml
 create mode 100644 public/tags/go/index.html
 create mode 100644 public/tags/go/index.xml
 create mode 100644 public/tags/golang/index.html
 create mode 100644 public/tags/golang/index.xml
 create mode 100644 public/tags/hugo/index.html
 create mode 100644 public/tags/hugo/index.xml
 create mode 100644 public/tags/index.html
 create mode 100644 public/tags/index.xml
 create mode 100644 public/tags/plot/index.html
 create mode 100644 public/tags/plot/index.xml
 create mode 100644 public/tags/projects/index.html
 create mode 100644 public/tags/projects/index.xml
 create mode 100644 public/tags/r-markdown/index.html
 create mode 100644 public/tags/r-markdown/index.xml
 create mode 100644 public/tags/regression/index.html
 create mode 100644 public/tags/regression/index.xml
 create mode 100644 public/tags/templates/index.html
 create mode 100644 public/tags/templates/index.xml
 create mode 100644 public/tags/themes/index.html
 create mode 100644 public/tags/themes/index.xml
 create mode 100644 static/blog/2015-07-23-r-rmarkdown_files/figure-html/pie-1.png
 create mode 100644 static/img/me.jpg
 create mode 100644 static/project1_files/figure-html/unnamed-chunk-5-1.png
 create mode 100644 static/project1_files/figure-html/unnamed-chunk-5-2.png
 create mode 100644 static/project1_files/figure-html/unnamed-chunk-5-3.png
 create mode 100644 static/project1_files/figure-html/unnamed-chunk-6-1.png
 create mode 100644 static/project1_files/figure-html/unnamed-chunk-6-2.png
 create mode 100644 static/project1_files/figure-html/unnamed-chunk-6-3.png
 create mode 100644 static/project1_files/figure-html/unnamed-chunk-6-4.png
 create mode 100644 static/project2_files/figure-html/unnamed-chunk-3-1.png
 create mode 100644 static/project2_files/figure-html/unnamed-chunk-4-1.png
 create mode 100644 static/project2_files/figure-html/unnamed-chunk-4-2.png
 create mode 100644 static/project2_files/figure-html/unnamed-chunk-4-3.png
 create mode 100644 static/project2_files/figure-html/unnamed-chunk-4-4.png
 create mode 100644 static/project2_files/figure-html/unnamed-chunk-6-1.png
 create mode 100644 static/project2_files/figure-html/unnamed-chunk-6-2.png
 create mode 100644 static/resume.pdf
 create mode 100644 themes/hugo-sustain/LICENSE.md
 create mode 100644 themes/hugo-sustain/README.md
 create mode 100644 themes/hugo-sustain/archetypes/default.md
 create mode 100644 themes/hugo-sustain/exampleSite/config.toml
 create mode 100644 themes/hugo-sustain/exampleSite/content/blog/creating-a-new-theme.md
 create mode 100644 themes/hugo-sustain/exampleSite/content/blog/goisforlovers.md
 create mode 100644 themes/hugo-sustain/exampleSite/content/blog/hugoisforlovers.md
 create mode 100644 themes/hugo-sustain/exampleSite/content/blog/migrate-from-jekyll.md
 create mode 100644 themes/hugo-sustain/exampleSite/content/projects.md
 create mode 100644 themes/hugo-sustain/exampleSite/data/projects.yml
 create mode 100644 themes/hugo-sustain/exampleSite/static/img/profile.png
 create mode 100644 themes/hugo-sustain/images/screenshot.png
 create mode 100644 themes/hugo-sustain/images/tn.png
 create mode 100644 themes/hugo-sustain/layouts/404.html
 create mode 100644 themes/hugo-sustain/layouts/_default/list.html
 create mode 100644 themes/hugo-sustain/layouts/_default/projects.html
 create mode 100644 themes/hugo-sustain/layouts/_default/single.html
 create mode 100644 themes/hugo-sustain/layouts/index.html
 create mode 100644 themes/hugo-sustain/layouts/partials/disqus.html
 create mode 100644 themes/hugo-sustain/layouts/partials/footer.html
 create mode 100644 themes/hugo-sustain/layouts/partials/head.html
 create mode 100644 themes/hugo-sustain/layouts/partials/header.html
 create mode 100644 themes/hugo-sustain/layouts/partials/js.html
 create mode 100644 themes/hugo-sustain/layouts/partials/social.html
 create mode 100644 themes/hugo-sustain/static/css/main.css
 create mode 100644 themes/hugo-sustain/static/js/docs.min.js
 create mode 100644 themes/hugo-sustain/static/js/ie10-viewport-bug-workaround.js
 create mode 100644 themes/hugo-sustain/static/js/main.js
 create mode 100644 themes/hugo-sustain/theme.toml
 create mode 100644 website.Rproj
]0;/stor/home/gs27275/website]0;gs27275@educcomp01: ~/website[01;32mgs27275@educcomp01[00m:[01;34m~/website[00m$ ^V[K^V[Kgit remote add origin https://github.com/squirmy0/website.git
]0;/stor/home/gs27275/website]0;gs27275@educcomp01: ~/website[01;32mgs27275@educcomp01[00m:[01;34m~/website[00m$ git push -u origin master
Username for 'https://github.com': squirmy0
Password for 'https://squirmy0@github.com': 
]0;/stor/home/gs27275/website]0;gs27275@educcomp01: ~/website[01;32mgs27275@educcomp01[00m:[01;34m~/website[00m$ ad[K[K^C
]0;/stor/home/gs27275/website]0;gs27275@educcomp01: ~/website[01;32mgs27275@educcomp01[00m:[01;34m~/website[00m$ ^C
]0;/stor/home/gs27275/website]0;gs27275@educcomp01: ~/website[01;32mgs27275@educcomp01[00m:[01;34m~/website[00m$ git remote add origin https://github.com/squirmy0/website.git
fatal: remote origin already exists.
]0;/stor/home/gs27275/website]0;gs27275@educcomp01: ~/website[01;32mgs27275@educcomp01[00m:[01;34m~/website[00m$ git push -u origin master
Username for 'https://github.com': Squiemt   rmy0
Password for 'https://Squirmy0@github.com': 
Counting objects: 224, done.
Delta compression using up to 16 threads.
Compressing objects:   0% (1/188)   Compressing objects:   1% (2/188)   Compressing objects:   2% (4/188)   Compressing objects:   3% (6/188)   Compressing objects:   4% (8/188)   Compressing objects:   5% (10/188)   Compressing objects:   6% (12/188)   Compressing objects:   7% (14/188)   Compressing objects:   8% (16/188)   Compressing objects:   9% (17/188)   Compressing objects:  10% (19/188)   Compressing objects:  11% (21/188)   Compressing objects:  12% (23/188)   Compressing objects:  13% (25/188)   Compressing objects:  14% (27/188)   Compressing objects:  15% (29/188)   Compressing objects:  16% (31/188)   Compressing objects:  17% (32/188)   Compressing objects:  18% (34/188)   Compressing objects:  19% (36/188)   Compressing objects:  20% (38/188)   Compressing objects:  21% (40/188)   Compressing objects:  22% (42/188)   Compressing objects:  23% (44/188)   Compressing objects:  24% (46/188)   Compressing objects:  25% (47/188)   Compressing objects:  26% (49/188)   Compressing objects:  27% (51/188)   Compressing objects:  28% (53/188)   Compressing objects:  29% (55/188)   Compressing objects:  30% (57/188)   Compressing objects:  31% (59/188)   Compressing objects:  32% (61/188)   Compressing objects:  33% (63/188)   Compressing objects:  34% (64/188)   Compressing objects:  35% (66/188)   Compressing objects:  36% (68/188)   Compressing objects:  37% (70/188)   Compressing objects:  38% (72/188)   Compressing objects:  39% (74/188)   Compressing objects:  40% (76/188)   Compressing objects:  41% (78/188)   Compressing objects:  42% (79/188)   Compressing objects:  43% (81/188)   Compressing objects:  44% (83/188)   Compressing objects:  45% (85/188)   Compressing objects:  46% (87/188)   Compressing objects:  47% (89/188)   Compressing objects:  48% (91/188)   Compressing objects:  49% (93/188)   Compressing objects:  50% (94/188)   Compressing objects:  51% (96/188)   Compressing objects:  52% (98/188)   Compressing objects:  53% (100/188)   Compressing objects:  54% (102/188)   Compressing objects:  55% (104/188)   Compressing objects:  56% (106/188)   Compressing objects:  57% (108/188)   Compressing objects:  58% (110/188)   Compressing objects:  59% (111/188)   Compressing objects:  60% (113/188)   Compressing objects:  61% (115/188)   Compressing objects:  62% (117/188)   Compressing objects:  63% (119/188)   Compressing objects:  64% (121/188)   Compressing objects:  65% (123/188)   Compressing objects:  66% (125/188)   Compressing objects:  67% (126/188)   Compressing objects:  68% (128/188)   Compressing objects:  69% (130/188)   Compressing objects:  70% (132/188)   Compressing objects:  71% (134/188)   Compressing objects:  72% (136/188)   Compressing objects:  73% (138/188)   Compressing objects:  74% (140/188)   Compressing objects:  75% (141/188)   Compressing objects:  76% (143/188)   Compressing objects:  77% (145/188)   Compressing objects:  78% (147/188)   Compressing objects:  79% (149/188)   Compressing objects:  80% (151/188)   Compressing objects:  81% (153/188)   Compressing objects:  82% (155/188)   Compressing objects:  83% (157/188)   Compressing objects:  84% (158/188)   Compressing objects:  85% (160/188)   Compressing objects:  86% (162/188)   Compressing objects:  87% (164/188)   Compressing objects:  88% (166/188)   Compressing objects:  89% (168/188)   Compressing objects:  90% (170/188)   Compressing objects:  91% (172/188)   Compressing objects:  92% (173/188)   Compressing objects:  93% (175/188)   Compressing objects:  94% (177/188)   Compressing objects:  95% (179/188)   Compressing objects:  96% (181/188)   Compressing objects:  97% (183/188)   Compressing objects:  98% (185/188)   Compressing objects:  99% (187/188)   Compressing objects: 100% (188/188)   Compressing objects: 100% (188/188), done.
Writing objects:   0% (1/224)   Writing objects:   1% (3/224)   Writing objects:   2% (5/224)   Writing objects:   3% (7/224)   Writing objects:   4% (9/224)   Writing objects:   5% (12/224)   Writing objects:   6% (14/224)   Writing objects:   7% (16/224)   Writing objects:   8% (18/224)   Writing objects:   9% (21/224)   Writing objects:  10% (23/224)   Writing objects:  11% (25/224)   Writing objects:  12% (27/224)   Writing objects:  13% (31/224)   Writing objects:  14% (32/224)   Writing objects:  15% (35/224)   Writing objects:  16% (36/224)   Writing objects:  17% (39/224)   Writing objects:  18% (41/224)   Writing objects:  19% (43/224)   Writing objects:  20% (45/224)   Writing objects:  21% (48/224)   Writing objects:  22% (50/224)   Writing objects:  23% (52/224)   Writing objects:  24% (54/224)   Writing objects:  25% (56/224)   Writing objects:  26% (59/224)   Writing objects:  27% (61/224)   Writing objects:  28% (63/224)   Writing objects:  29% (65/224)   Writing objects:  30% (68/224)   Writing objects:  31% (70/224)   Writing objects:  32% (72/224)   Writing objects:  33% (74/224)   Writing objects:  34% (77/224)   Writing objects:  35% (79/224)   Writing objects:  36% (81/224)   Writing objects:  37% (83/224)   Writing objects:  38% (86/224)   Writing objects:  39% (88/224)   Writing objects:  40% (90/224)   Writing objects:  41% (92/224)   Writing objects:  42% (95/224)   Writing objects:  43% (97/224)   Writing objects:  45% (103/224)   Writing objects:  46% (105/224)   Writing objects:  47% (106/224)   Writing objects:  48% (108/224)   Writing objects:  49% (110/224)   Writing objects:  50% (112/224)   Writing objects:  51% (115/224)   Writing objects:  52% (118/224)   Writing objects:  53% (119/224)   Writing objects:  54% (122/224)   Writing objects:  55% (124/224)   Writing objects:  56% (126/224)   Writing objects:  57% (128/224)   Writing objects:  58% (130/224)   Writing objects:  59% (133/224)   Writing objects:  60% (135/224)   Writing objects:  61% (137/224)   Writing objects:  62% (139/224)   Writing objects:  63% (142/224)   Writing objects:  64% (144/224)   Writing objects:  65% (146/224)   Writing objects:  66% (148/224)   Writing objects:  67% (151/224)   Writing objects:  68% (153/224)   Writing objects:  69% (155/224)   Writing objects:  70% (157/224)   Writing objects:  71% (160/224)   Writing objects:  72% (162/224)   Writing objects:  73% (164/224)   Writing objects:  74% (166/224)   Writing objects:  75% (168/224)   Writing objects:  76% (171/224)   Writing objects:  77% (173/224)   Writing objects:  78% (175/224)   Writing objects:  79% (177/224)   Writing objects:  80% (180/224)   Writing objects:  81% (182/224)   Writing objects:  82% (184/224)   Writing objects:  83% (186/224)   Writing objects:  84% (189/224)   Writing objects:  85% (191/224)   Writing objects:  86% (193/224)   Writing objects:  87% (195/224)   Writing objects:  88% (198/224)   Writing objects:  89% (200/224)   Writing objects:  90% (202/224)   Writing objects:  91% (204/224)   Writing objects:  92% (207/224)   Writing objects:  93% (209/224)   Writing objects:  94% (211/224)   Writing objects:  95% (213/224)   Writing objects:  96% (216/224)   Writing objects:  97% (218/224)   Writing objects:  98% (220/224)   Writing objects:  99% (222/224)   Writing objects: 100% (224/224)   Writing objects: 100% (224/224), 1.62 MiB | 3.94 MiB/s, done.
Total 224 (delta 50), reused 0 (delta 0)
remote: Resolving deltas:   0% (0/50)[Kremote: Resolving deltas:  16% (8/50)[Kremote: Resolving deltas:  22% (11/50)[Kremote: Resolving deltas:  30% (15/50)[Kremote: Resolving deltas:  46% (23/50)[Kremote: Resolving deltas:  62% (31/50)[Kremote: Resolving deltas:  82% (41/50)[Kremote: Resolving deltas:  92% (46/50)[Kremote: Resolving deltas:  96% (48/50)[Kremote: Resolving deltas: 100% (50/50)[Kremote: Resolving deltas: 100% (50/50), done.[K
To https://github.com/squirmy0/website.git
 * [new branch]      master -> master
Branch 'master' set up to track remote branch 'master' from 'origin'.
^C
]0;/stor/home/gs27275/website]0;gs27275@educcomp01: ~/website[01;32mgs27275@educcomp01[00m:[01;34m~/website[00m$ ^C
]0;/stor/home/gs27275/website]0;gs27275@educcomp01: ~/website[01;32mgs27275@educcomp01[00m:[01;34m~/website[00m$ git push -u origin master
Username for 'https://github.com': Squr irmy0
Password for 'https://Squirmy0@github.com': 
Branch 'master' set up to track remote branch 'master' from 'origin'.
Everything up-to-date
]0;/stor/home/gs27275/website]0;gs27275@educcomp01: ~/website[01;32mgs27275@educcomp01[00m:[01;34m~/website[00m$ git add
Nothing specified, nothing added.
Maybe you wanted to say 'git add .'?
]0;/stor/home/gs27275/website]0;gs27275@educcomp01: ~/website[01;32mgs27275@educcomp01[00m:[01;34m~/website[00m$ git add.
git: 'add.' is not a git command. See 'git --help'.

The most similar command is
	add
]0;/stor/home/gs27275/website]0;gs27275@educcomp01: ~/website[01;32mgs27275@educcomp01[00m:[01;34m~/website[00m$ git[Kt add .
]0;/stor/home/gs27275/website]0;gs27275@educcomp01: ~/website[01;32mgs27275@educcomp01[00m:[01;34m~/website[00m$ git got[K[K[Kcommit -"second"
fatal: could not lookup commit ond
]0;/stor/home/gs27275/website]0;gs27275@educcomp01: ~/website[01;32mgs27275@educcomp01[00m:[01;34m~/website[00m$ git commt[Kit m[K-m[K[Km-[K[K0m[K[K=,[K[K-,[Km"second"
[master eb41142] second
 Committer: Grant Sinclair <gs27275@educcomp01.ccbb.utexas.edu>
Your name and email address were configured automatically based
on your username and hostname. Please check that they are accurate.
You can suppress this message by setting them explicitly. Run the
following command and follow the instructions in your editor to edit
your configuration file:

    git config --global --edit

After doing this, you may fix the identity used for this commit with:

    git commit --amend --reset-author

 17 files changed, 287 insertions(+), 24 deletions(-)
 rewrite .Rproj.user/C2A4F7AD/console06/INDEX001 (100%)
 create mode 100644 .gitignore
]0;/stor/home/gs27275/website]0;gs27275@educcomp01: ~/website[01;32mgs27275@educcomp01[00m:[01;34m~/website[00m$ git commit -m"second"[1P"second"add .[K[1P.[Kpush -u origin master
Username for 'https://github.com': Squirmy0
Password for 'https://Squirmy0@github.com': 
Counting objects: 27, done.
Delta compression using up to 16 threads.
Compressing objects:   4% (1/23)   Compressing objects:   8% (2/23)   Compressing objects:  13% (3/23)   Compressing objects:  17% (4/23)   Compressing objects:  21% (5/23)   Compressing objects:  26% (6/23)   Compressing objects:  30% (7/23)   Compressing objects:  34% (8/23)   Compressing objects:  39% (9/23)   Compressing objects:  43% (10/23)   Compressing objects:  47% (11/23)   Compressing objects:  52% (12/23)   Compressing objects:  56% (13/23)   Compressing objects:  60% (14/23)   Compressing objects:  65% (15/23)   Compressing objects:  69% (16/23)   Compressing objects:  73% (17/23)   Compressing objects:  78% (18/23)   Compressing objects:  82% (19/23)   Compressing objects:  86% (20/23)   Compressing objects:  91% (21/23)   Compressing objects:  95% (22/23)   Compressing objects: 100% (23/23)   Compressing objects: 100% (23/23), done.
Writing objects:   3% (1/27)   Writing objects:   7% (2/27)   Writing objects:  11% (3/27)   Writing objects:  14% (4/27)   Writing objects:  18% (5/27)   Writing objects:  22% (6/27)   Writing objects:  25% (7/27)   Writing objects:  29% (8/27)   Writing objects:  33% (9/27)   Writing objects:  37% (10/27)   Writing objects:  40% (11/27)   Writing objects:  44% (12/27)   Writing objects:  48% (13/27)   Writing objects:  51% (14/27)   Writing objects:  55% (15/27)   Writing objects:  59% (16/27)   Writing objects:  62% (17/27)   Writing objects:  66% (18/27)   Writing objects:  70% (19/27)   Writing objects:  74% (20/27)   Writing objects:  77% (21/27)   Writing objects:  81% (22/27)   Writing objects:  85% (23/27)   Writing objects:  88% (24/27)   Writing objects:  92% (25/27)   Writing objects:  96% (26/27)   Writing objects: 100% (27/27)   Writing objects: 100% (27/27), 6.03 KiB | 1.51 MiB/s, done.
Total 27 (delta 12), reused 0 (delta 0)
remote: Resolving deltas:   0% (0/12)[Kremote: Resolving deltas:   8% (1/12)[Kremote: Resolving deltas:  16% (2/12)[Kremote: Resolving deltas:  25% (3/12)[Kremote: Resolving deltas:  33% (4/12)[Kremote: Resolving deltas:  41% (5/12)[Kremote: Resolving deltas:  50% (6/12)[Kremote: Resolving deltas:  58% (7/12)[Kremote: Resolving deltas:  66% (8/12)[Kremote: Resolving deltas:  75% (9/12)[Kremote: Resolving deltas:  83% (10/12)[Kremote: Resolving deltas:  91% (11/12)[Kremote: Resolving deltas: 100% (12/12)[Kremote: Resolving deltas: 100% (12/12), completed with 12 local objects.[K
To https://github.com/squirmy0/website.git
   0b81260..eb41142  master -> master
Branch 'master' set up to track remote branch 'master' from 'origin'.
]0;/stor/home/gs27275/website]0;gs27275@educcomp01: ~/website[01;32mgs27275@educcomp01[00m:[01;34m~/website[00m$ git push -u origin master[4Pcommit -m"second"[1P"second"add .[K
]0;/stor/home/gs27275/website]0;gs27275@educcomp01: ~/website[01;32mgs27275@educcomp01[00m:[01;34m~/website[00m$ git add .push -u origin master[4Pcommit -m"second"[1P"[1P"[1P"[1P"[1P"[C[K[Krhi[K[K[Kthird"
[master 6e5c28e] third
 Committer: Grant Sinclair <gs27275@educcomp01.ccbb.utexas.edu>
Your name and email address were configured automatically based
on your username and hostname. Please check that they are accurate.
You can suppress this message by setting them explicitly. Run the
following command and follow the instructions in your editor to edit
your configuration file:

    git config --global --edit

After doing this, you may fix the identity used for this commit with:

    git commit --amend --reset-author

 8 files changed, 53 insertions(+), 18 deletions(-)
]0;/stor/home/gs27275/website]0;gs27275@educcomp01: ~/website[01;32mgs27275@educcomp01[00m:[01;34m~/website[00m$ git commit -m"third"add .[Kpush -u origin master
Username for 'https://github.com': Squirmy0        squirmy0
Password for 'https://squirmy0@github.com': 
Counting objects: 18, done.
Delta compression using up to 16 threads.
Compressing objects:   5% (1/17)   Compressing objects:  11% (2/17)   Compressing objects:  17% (3/17)   Compressing objects:  23% (4/17)   Compressing objects:  29% (5/17)   Compressing objects:  35% (6/17)   Compressing objects:  41% (7/17)   Compressing objects:  47% (8/17)   Compressing objects:  52% (9/17)   Compressing objects:  58% (10/17)   Compressing objects:  64% (11/17)   Compressing objects:  70% (12/17)   Compressing objects:  76% (13/17)   Compressing objects:  82% (14/17)   Compressing objects:  88% (15/17)   Compressing objects:  94% (16/17)   Compressing objects: 100% (17/17)   Compressing objects: 100% (17/17), done.
Writing objects:   5% (1/18)   Writing objects:  11% (2/18)   Writing objects:  16% (3/18)   Writing objects:  22% (4/18)   Writing objects:  27% (5/18)   Writing objects:  33% (6/18)   Writing objects:  38% (7/18)   Writing objects:  44% (8/18)   Writing objects:  50% (9/18)   Writing objects:  55% (10/18)   Writing objects:  61% (11/18)   Writing objects:  66% (12/18)   Writing objects:  72% (13/18)   Writing objects:  77% (14/18)   Writing objects:  83% (15/18)   Writing objects:  88% (16/18)   Writing objects:  94% (17/18)   Writing objects: 100% (18/18)   Writing objects: 100% (18/18), 2.16 KiB | 736.00 KiB/s, done.
Total 18 (delta 11), reused 0 (delta 0)
remote: Resolving deltas:   0% (0/11)[Kremote: Resolving deltas:   9% (1/11)[Kremote: Resolving deltas:  18% (2/11)[Kremote: Resolving deltas:  27% (3/11)[Kremote: Resolving deltas:  36% (4/11)[Kremote: Resolving deltas:  45% (5/11)[Kremote: Resolving deltas:  54% (6/11)[Kremote: Resolving deltas:  63% (7/11)[Kremote: Resolving deltas:  72% (8/11)[Kremote: Resolving deltas:  81% (9/11)[Kremote: Resolving deltas:  90% (10/11)[Kremote: Resolving deltas: 100% (11/11)[Kremote: Resolving deltas: 100% (11/11), completed with 11 local objects.[K
To https://github.com/squirmy0/website.git
   eb41142..6e5c28e  master -> master
Branch 'master' set up to track remote branch 'master' from 'origin'.
]0;/stor/home/gs27275/website]0;gs27275@educcomp01: ~/website[01;32mgs27275@educcomp01[00m:[01;34m~/website[00m$ git push -u origin master[5Pcommit -m"third"add .[K
]0;/stor/home/gs27275/website]0;gs27275@educcomp01: ~/website[01;32mgs27275@educcomp01[00m:[01;34m~/website[00m$ git add .push -u origin master[5Pcommit -m"third"[1P"[1P"[1P"[1P"ft"ot"ut"rt"[Ct"ht"[C[1Pt"[C[1P"ht"
[master 7c3fe74] fourht
 Committer: Grant Sinclair <gs27275@educcomp01.ccbb.utexas.edu>
Your name and email address were configured automatically based
on your username and hostname. Please check that they are accurate.
You can suppress this message by setting them explicitly. Run the
following command and follow the instructions in your editor to edit
your configuration file:

    git config --global --edit

After doing this, you may fix the identity used for this commit with:

    git commit --amend --reset-author

 6 files changed, 46 insertions(+), 17 deletions(-)
]0;/stor/home/gs27275/website]0;gs27275@educcomp01: ~/website[01;32mgs27275@educcomp01[00m:[01;34m~/website[00m$ git commit -m"fourht"add .[Kpush -u origin master
Username for 'https://github.com': squirmy0
Password for 'https://squirmy0@github.com': 
Counting objects: 14, done.
Delta compression using up to 16 threads.
Compressing objects:   7% (1/14)   Compressing objects:  14% (2/14)   Compressing objects:  21% (3/14)   Compressing objects:  28% (4/14)   Compressing objects:  35% (5/14)   Compressing objects:  42% (6/14)   Compressing objects:  50% (7/14)   Compressing objects:  57% (8/14)   Compressing objects:  64% (9/14)   Compressing objects:  71% (10/14)   Compressing objects:  78% (11/14)   Compressing objects:  85% (12/14)   Compressing objects:  92% (13/14)   Compressing objects: 100% (14/14)   Compressing objects: 100% (14/14), done.
Writing objects:   7% (1/14)   Writing objects:  14% (2/14)   Writing objects:  21% (3/14)   Writing objects:  28% (4/14)   Writing objects:  35% (5/14)   Writing objects:  42% (6/14)   Writing objects:  50% (7/14)   Writing objects:  57% (8/14)   Writing objects:  64% (9/14)   Writing objects:  71% (10/14)   Writing objects:  78% (11/14)   Writing objects:  85% (12/14)   Writing objects:  92% (13/14)   Writing objects: 100% (14/14)   Writing objects: 100% (14/14), 1.78 KiB | 607.00 KiB/s, done.
Total 14 (delta 8), reused 0 (delta 0)
remote: Resolving deltas:   0% (0/8)[Kremote: Resolving deltas:  12% (1/8)[Kremote: Resolving deltas:  25% (2/8)[Kremote: Resolving deltas:  37% (3/8)[Kremote: Resolving deltas:  50% (4/8)[Kremote: Resolving deltas:  62% (5/8)[Kremote: Resolving deltas:  75% (6/8)[Kremote: Resolving deltas:  87% (7/8)[Kremote: Resolving deltas: 100% (8/8)[Kremote: Resolving deltas: 100% (8/8), completed with 8 local objects.[K
To https://github.com/squirmy0/website.git
   6e5c28e..7c3fe74  master -> master
Branch 'master' set up to track remote branch 'master' from 'origin'.
]0;/stor/home/gs27275/website]0;gs27275@educcomp01: ~/website[01;32mgs27275@educcomp01[00m:[01;34m~/website[00m$ git push -u origin master[4Pcommit -m"fourht"add .[Kpush -u origin masteradd .[Kpush -u origin masteradd .[Kpush -u origin master[5Pcommit -m"third"push -u origin masteradd .[K
]0;/stor/home/gs27275/website]0;gs27275@educcomp01: ~/website[01;32mgs27275@educcomp01[00m:[01;34m~/website[00m$ git add .push -u origin master[C[4Pcommit -m"fourht"[1Pt"[1Pt"[1Pt"[1Pt"it"ft"[Ct"ht"[1Pt"[C[1P"[1P"t"h"[C"[K[C
[master af1e483] fifth
 Committer: Grant Sinclair <gs27275@educcomp01.ccbb.utexas.edu>
Your name and email address were configured automatically based
on your username and hostname. Please check that they are accurate.
You can suppress this message by setting them explicitly. Run the
following command and follow the instructions in your editor to edit
your configuration file:

    git config --global --edit

After doing this, you may fix the identity used for this commit with:

    git commit --amend --reset-author

 8 files changed, 52 insertions(+), 38 deletions(-)
]0;/stor/home/gs27275/website]0;gs27275@educcomp01: ~/website[01;32mgs27275@educcomp01[00m:[01;34m~/website[00m$ git commit -m"fifth"add .[Kpush -u origin master
Username for 'https://github.com': squirmy0
Password for 'https://squirmy0@github.com': 
Counting objects: 20, done.
Delta compression using up to 16 threads.
Compressing objects:   5% (1/19)   Compressing objects:  10% (2/19)   Compressing objects:  15% (3/19)   Compressing objects:  21% (4/19)   Compressing objects:  26% (5/19)   Compressing objects:  31% (6/19)   Compressing objects:  36% (7/19)   Compressing objects:  42% (8/19)   Compressing objects:  47% (9/19)   Compressing objects:  52% (10/19)   Compressing objects:  57% (11/19)   Compressing objects:  63% (12/19)   Compressing objects:  68% (13/19)   Compressing objects:  73% (14/19)   Compressing objects:  78% (15/19)   Compressing objects:  84% (16/19)   Compressing objects:  89% (17/19)   Compressing objects:  94% (18/19)   Compressing objects: 100% (19/19)   Compressing objects: 100% (19/19), done.
Writing objects:   5% (1/20)   Writing objects:  10% (2/20)   Writing objects:  15% (3/20)   Writing objects:  20% (4/20)   Writing objects:  25% (5/20)   Writing objects:  30% (6/20)   Writing objects:  35% (7/20)   Writing objects:  40% (8/20)   Writing objects:  45% (9/20)   Writing objects:  50% (10/20)   Writing objects:  55% (11/20)   Writing objects:  60% (12/20)   Writing objects:  65% (13/20)   Writing objects:  70% (14/20)   Writing objects:  75% (15/20)   Writing objects:  80% (16/20)   Writing objects:  85% (17/20)   Writing objects:  90% (18/20)   Writing objects:  95% (19/20)   Writing objects: 100% (20/20)   Writing objects: 100% (20/20), 2.23 KiB | 761.00 KiB/s, done.
Total 20 (delta 14), reused 0 (delta 0)
remote: Resolving deltas:   0% (0/14)[Kremote: Resolving deltas:   7% (1/14)[Kremote: Resolving deltas:  14% (2/14)[Kremote: Resolving deltas:  21% (3/14)[Kremote: Resolving deltas:  28% (4/14)[Kremote: Resolving deltas:  35% (5/14)[Kremote: Resolving deltas:  42% (6/14)[Kremote: Resolving deltas:  50% (7/14)[Kremote: Resolving deltas:  57% (8/14)[Kremote: Resolving deltas:  64% (9/14)[Kremote: Resolving deltas:  71% (10/14)[Kremote: Resolving deltas:  78% (11/14)[Kremote: Resolving deltas:  85% (12/14)[Kremote: Resolving deltas:  92% (13/14)[Kremote: Resolving deltas: 100% (14/14)[Kremote: Resolving deltas: 100% (14/14), completed with 14 local objects.[K
To https://github.com/squirmy0/website.git
   7c3fe74..af1e483  master -> master
Branch 'master' set up to track remote branch 'master' from 'origin'.
push -u origin masteradd .[Kpush -u origin master[4Pcommit -m"fourht"add .[Kpush -u origin master[5Pcommit -m"third"push -u origin masteradd .[K
]0;/stor/home/gs27275/website]0;gs27275@educcomp01: ~/website[01;32mgs27275@educcomp01[00m:[01;34m~/website[00m$ git add .push -u origin master[5Pcommit -m"fifth"[1Ph"[1Ph"[1Ph"[1Ph"6h"th"
[master 15fbda6] 6th
 Committer: Grant Sinclair <gs27275@educcomp01.ccbb.utexas.edu>
Your name and email address were configured automatically based
on your username and hostname. Please check that they are accurate.
You can suppress this message by setting them explicitly. Run the
following command and follow the instructions in your editor to edit
your configuration file:

    git config --global --edit

After doing this, you may fix the identity used for this commit with:

    git commit --amend --reset-author

 12 files changed, 47 insertions(+), 12 deletions(-)
 rewrite .Rproj.user/C2A4F7AD/console06/INDEX001 (70%)
]0;/stor/home/gs27275/website]0;gs27275@educcomp01: ~/website[01;32mgs27275@educcomp01[00m:[01;34m~/website[00m$ git commit -m"6th"[9Padd .push -u origin master
Username for 'https://github.com': squirmy0
Password for 'https://squirmy0@github.com': 
remote: Invalid username or password.
fatal: Authentication failed for 'https://github.com/squirmy0/website.git/'
]0;/stor/home/gs27275/website]0;gs27275@educcomp01: ~/website[01;32mgs27275@educcomp01[00m:[01;34m~/website[00m$ git push -u origin master[7Pcommit -m"6th"[9Padd .
]0;/stor/home/gs27275/website]0;gs27275@educcomp01: ~/website[01;32mgs27275@educcomp01[00m:[01;34m~/website[00m$ git add .push -u origin master[7Pcommit -m"6th"
[master e2e95d8] 6th
 Committer: Grant Sinclair <gs27275@educcomp01.ccbb.utexas.edu>
Your name and email address were configured automatically based
on your username and hostname. Please check that they are accurate.
You can suppress this message by setting them explicitly. Run the
following command and follow the instructions in your editor to edit
your configuration file:

    git config --global --edit

After doing this, you may fix the identity used for this commit with:

    git commit --amend --reset-author

 2 files changed, 25 insertions(+), 2 deletions(-)
]0;/stor/home/gs27275/website]0;gs27275@educcomp01: ~/website[01;32mgs27275@educcomp01[00m:[01;34m~/website[00m$ git commit -m"6th"[9Padd .push -u origin master
Username for 'https://github.com': ^[[A^[[B^[[B            Squirmy0
Password for 'https://Squirmy0@github.com': 
Counting objects: 30, done.
Delta compression using up to 16 threads.
Compressing objects:   3% (1/27)   Compressing objects:   7% (2/27)   Compressing objects:  11% (3/27)   Compressing objects:  14% (4/27)   Compressing objects:  18% (5/27)   Compressing objects:  22% (6/27)   Compressing objects:  25% (7/27)   Compressing objects:  29% (8/27)   Compressing objects:  33% (9/27)   Compressing objects:  37% (10/27)   Compressing objects:  40% (11/27)   Compressing objects:  44% (12/27)   Compressing objects:  48% (13/27)   Compressing objects:  51% (14/27)   Compressing objects:  55% (15/27)   Compressing objects:  59% (16/27)   Compressing objects:  62% (17/27)   Compressing objects:  66% (18/27)   Compressing objects:  70% (19/27)   Compressing objects:  74% (20/27)   Compressing objects:  77% (21/27)   Compressing objects:  81% (22/27)   Compressing objects:  85% (23/27)   Compressing objects:  88% (24/27)   Compressing objects:  92% (25/27)   Compressing objects:  96% (26/27)   Compressing objects: 100% (27/27)   Compressing objects: 100% (27/27), done.
Writing objects:   3% (1/30)   Writing objects:   6% (2/30)   Writing objects:  10% (3/30)   Writing objects:  13% (4/30)   Writing objects:  16% (5/30)   Writing objects:  20% (6/30)   Writing objects:  23% (7/30)   Writing objects:  26% (8/30)   Writing objects:  30% (9/30)   Writing objects:  33% (10/30)   Writing objects:  36% (11/30)   Writing objects:  40% (12/30)   Writing objects:  43% (13/30)   Writing objects:  46% (14/30)   Writing objects:  50% (15/30)   Writing objects:  53% (16/30)   Writing objects:  56% (17/30)   Writing objects:  60% (18/30)   Writing objects:  63% (19/30)   Writing objects:  66% (20/30)   Writing objects:  70% (21/30)   Writing objects:  73% (22/30)   Writing objects:  76% (23/30)   Writing objects:  80% (24/30)   Writing objects:  83% (25/30)   Writing objects:  86% (26/30)   Writing objects:  90% (27/30)   Writing objects:  93% (28/30)   Writing objects:  96% (29/30)   Writing objects: 100% (30/30)   Writing objects: 100% (30/30), 3.14 KiB | 642.00 KiB/s, done.
Total 30 (delta 16), reused 0 (delta 0)
remote: Resolving deltas:   0% (0/16)[Kremote: Resolving deltas:   6% (1/16)[Kremote: Resolving deltas:  18% (3/16)[Kremote: Resolving deltas:  31% (5/16)[Kremote: Resolving deltas:  37% (6/16)[Kremote: Resolving deltas:  43% (7/16)[Kremote: Resolving deltas:  50% (8/16)[Kremote: Resolving deltas:  56% (9/16)[Kremote: Resolving deltas:  62% (10/16)[Kremote: Resolving deltas:  68% (11/16)[Kremote: Resolving deltas:  75% (12/16)[Kremote: Resolving deltas:  81% (13/16)[Kremote: Resolving deltas:  87% (14/16)[Kremote: Resolving deltas:  93% (15/16)[Kremote: Resolving deltas: 100% (16/16)[Kremote: Resolving deltas: 100% (16/16), completed with 13 local objects.[K
To https://github.com/squirmy0/website.git
   af1e483..e2e95d8  master -> master
Branch 'master' set up to track remote branch 'master' from 'origin'.
]0;/stor/home/gs27275/website]0;gs27275@educcomp01: ~/website[01;32mgs27275@educcomp01[00m:[01;34m~/website[00m$ R_PDFVIEWER=/usr/bin/xdg-open
R_RD4PDF=times,inconsolata,hyper
LS_COLORS=rs=0:di=01;34:ln=01;36:mh=00:pi=40;33:so=01;35:do=01;35:bd=40;33;01:cd=40;33;01:or=40;31;01:mi=00:su=37;41:sg=30;43:ca=30;41:tw=30;42:ow=34;42:st=37;44:ex=01;32:*.tar=01;31:*.tgz=01;31:*.arc=01;31:*.arj=01;31:*.taz=01;31:*.lha=01;31:*.lz4=01;31:*.lzh=01;31:*.lzma=01;31:*.tlz=01;31:*.txz=01;31:*.tzo=01;31:*.t7z=01;31:*.zip=01;31:*.z=01;31:*.Z=01;31:*.dz=01;31:*.gz=01;31:*.lrz=01;31:*.lz=01;31:*.lzo=01;31:*.xz=01;31:*.zst=01;31:*.tzst=01;31:*.bz2=01;31:*.bz=01;31:*.tbz=01;31:*.tbz2=01;31:*.tz=01;31:*.deb=01;31:*.rpm=01;31:*.jar=01;31:*.war=01;31:*.ear=01;31:*.sar=01;31:*.rar=01;31:*.alz=01;31:*.ace=01;31:*.zoo=01;31:*.cpio=01;31:*.7z=01;31:*.rz=01;31:*.cab=01;31:*.wim=01;31:*.swm=01;31:*.dwm=01;31:*.esd=01;31:*.jpg=01;35:*.jpeg=01;35:*.mjpg=01;35:*.mjpeg=01;35:*.gif=01;35:*.bmp=01;35:*.pbm=01;35:*.pgm=01;35:*.ppm=01;35:*.tga=01;35:*.xbm=01;35:*.xpm=01;35:*.tif=01;35:*.tiff=01;35:*.png=01;35:*.svg=01;35:*.svgz=01;35:*.mng=01;35:*.pcx=01;35:*.mov=01;35:*.mpg=01;35:*.mpeg=01;35:*.m2v=01;35:*.mkv=01;35:*.webm=01;35:*.ogm=01;35:*.mp4=01;35:*.m4v=01;35:*.mp4v=01;35:*.vob=01;35:*.qt=01;35:*.nuv=01;35:*.wmv=01;35:*.asf=01;35:*.rm=01;35:*.rmvb=01;35:*.flc=01;35:*.avi=01;35:*.fli=01;35:*.flv=01;35:*.gl=01;35:*.dl=01;35:*.xcf=01;35:*.xwd=01;35:*.yuv=01;35:*.cgm=01;35:*.emf=01;35:*.ogv=01;35:*.ogx=01;35:*.aac=00;36:*.au=00;36:*.flac=00;36:*.m4a=00;36:*.mid=00;36:*.midi=00;36:*.mka=00;36:*.mp3=00;36:*.mpc=00;36:*.ogg=00;36:*.ra=00;36:*.wav=00;36:*.oga=00;36:*.opus=00;36:*.spx=00;36:*.xspf=00;36:
LD_LIBRARY_PATH=/usr/lib/R/lib::/lib:/usr/lib/x86_64-linux-gnu:/usr/lib/jvm/default-java/lib/server
GATK_HOME=/stor/system/opt/gatk-3.6
RS_RPOSTBACK_PATH=/usr/lib/rstudio-server/bin/rpostback
LESSCLOSE=/usr/bin/lesspipe %s %s
R_SHARE_DIR=/usr/share/R/share
LANG=en_US.UTF-8
HISTCONTROL=ignoreboth
DISPLAY=:0
RSTUDIO_HTTP_REFERER=https://educcomp01.ccbb.utexas.edu/rstudio/
TAR=/bin/tar
EDITOR=vi
R_BROWSER=xdg-open
R_DOC_DIR=/usr/share/R/doc
R_SESSION_TMPDIR=/tmp/RtmplU6CeB
LN_S=ln -s
RSTUDIO_SESSION_ID=819539bf
R_LIBS_USER=~/R/x86_64-pc-linux-gnu-library/3.4
SCHRODINGER=/stor/system/opt/Schrodinger
S_COLORS=auto
R_INCLUDE_DIR=/usr/share/R/include
USER=gs27275
PAGER=/usr/bin/pager
PWD=/stor/home/gs27275/website
SSH_ASKPASS=rpostback-askpass
HOME=/stor/home/gs27275
SED=/bin/sed
RSTUDIO_PANDOC=/usr/lib/rstudio-server/bin/pandoc
R_PAPERSIZE=letter
PHRED_PARAMETER_FILE=/usr/local/genome/lib/phredpar.datnexport
WORK=/stor/work/SDS348_Spring2020
XDG_DATA_DIRS=/usr/local/share:/usr/share:/var/lib/snapd/desktop
R_SYSTEM_ABI=linux,gcc,gxx,gfortran,?
RSTUDIO=1
R_ZIPCMD=/usr/bin/zip
R_PAPERSIZE_USER=letter
CLICOLOR_FORCE=1
R_HOME=/usr/lib/R
R_BZIPCMD=/bin/bzip2
SCRATCH=/stor/scratch/SDS348_Spring2020
RSTUDIO_USER_IDENTITY=gs27275
RMARKDOWN_MATHJAX_PATH=/usr/lib/rstudio-server/resources/mathjax-26
PICARD_HOME=/stor/system/opt/picard-tools-2.9.2
TERM=xterm-256color
R_PRINTCMD=/usr/bin/lpr
R_GZIPCMD=/bin/gzip -n
RSTUDIO_TERM=1945158C
RSTUDIO_WINUTILS=bin/winutils
SHLVL=3
PROMPT_COMMAND=echo -ne "\033]0;${PWD/#${HOME}/~}\007"
R_PLATFORM=x86_64-pc-linux-gnu
RSTUDIO_SESSION_STREAM=gs27275-d
R_LIBS_SITE=/usr/local/lib/R/site-library:/usr/lib/R/site-library:/usr/lib/R/library
MY_GROUP=SDS348_Spring2020
R_UNZIPCMD=/usr/bin/unzip
LOGNAME=gs27275
GIT_ASKPASS=rpostback-askpass
RSTUDIO_PROJ_NAME=website
RSTUDIO_CONSOLE_WIDTH=127
PATH=/stor/home/gs27275/bin:/stor/system/opt/cellranger-3.0.2:/stor/home/gs27275/bin:/stor/system/opt/cellranger-3.0.2:/stor/home/gs27275/bin:/stor/system/opt/cellranger-3.0.2:/usr/local/sbin:/usr/local/bin:/usr/sbin:/usr/bin:/sbin:/bin:/snap/bin:bin/msys-ssh-1000-18:/usr/local/genome/binn:/opt/dell/srvadmin/bin:bin/msys-ssh-1000-18:/usr/local/genome/binn:bin/msys-ssh-1000-18:/usr/local/genome/binn
RSTUDIO_CONSOLE_COLOR=256
R_TEXI2DVICMD=/usr/bin/texi2dvi
MAKE=make
LESSOPEN=| /usr/bin/lesspipe %s
_=/usr/bin/env
D7C66A23
]0;/stor/home/gs27275/website]0;gs27275@educcomp01: ~/website[01;32mgs27275@educcomp01[00m:[01;34m~/website[00m$ ^C
]0;/stor/home/gs27275/website]0;gs27275@educcomp01: ~/website[01;32mgs27275@educcomp01[00m:[01;34m~/website[00m$ git push -u origin master[7Pcommit -m"6th"[9Padd .push -u origin master
^[[B    ^[[AUsername for 'https://github.com': 
Password for 'https://[A@github.com': 
remote: Invalid username or password.
fatal: Authentication failed for 'https://github.com/squirmy0/website.git/'
]0;/stor/home/gs27275/website]0;gs27275@educcomp01: ~/website[01;32mgs27275@educcomp01[00m:[01;34m~/website[00m$ git push -u origin master[7Pcommit -m"6th"[9Padd .
]0;/stor/home/gs27275/website]0;gs27275@educcomp01: ~/website[01;32mgs27275@educcomp01[00m:[01;34m~/website[00m$ git add .push -u origin master[7Pcommit -m"6th"[1Ph"[1Ph"7h"th"
^[[A^[[A^[[A            [master 708ce1e] 7th
 Committer: Grant Sinclair <gs27275@educcomp01.ccbb.utexas.edu>
Your name and email address were configured automatically based
on your username and hostname. Please check that they are accurate.
You can suppress this message by setting them explicitly. Run the
following command and follow the instructions in your editor to edit
your configuration file:

    git config --global --edit

After doing this, you may fix the identity used for this commit with:

    git commit --amend --reset-author

 5 files changed, 112 insertions(+), 9 deletions(-)
]0;/stor/home/gs27275/website]0;gs27275@educcomp01: ~/website[01;32mgs27275@educcomp01[00m:[01;34m~/website[00m$ git commit -m"7th"[9Padd .push -u origin master
Username for 'https://github.com': Squirmy0
Password for 'https://Squirmy0@github.com': 
Counting objects: 12, done.
Delta compression using up to 16 threads.
Compressing objects:   8% (1/12)   Compressing objects:  16% (2/12)   Compressing objects:  25% (3/12)   Compressing objects:  33% (4/12)   Compressing objects:  41% (5/12)   Compressing objects:  50% (6/12)   Compressing objects:  58% (7/12)   Compressing objects:  66% (8/12)   Compressing objects:  75% (9/12)   Compressing objects:  83% (10/12)   Compressing objects:  91% (11/12)   Compressing objects: 100% (12/12)   Compressing objects: 100% (12/12), done.
Writing objects:   8% (1/12)   Writing objects:  16% (2/12)   Writing objects:  25% (3/12)   Writing objects:  33% (4/12)   Writing objects:  41% (5/12)   Writing objects:  50% (6/12)   Writing objects:  58% (7/12)   Writing objects:  66% (8/12)   Writing objects:  75% (9/12)   Writing objects:  83% (10/12)   Writing objects:  91% (11/12)   Writing objects: 100% (12/12)   Writing objects: 100% (12/12), 3.40 KiB | 1.13 MiB/s, done.
Total 12 (delta 7), reused 0 (delta 0)
remote: Resolving deltas:   0% (0/7)[Kremote: Resolving deltas:  14% (1/7)[Kremote: Resolving deltas:  28% (2/7)[Kremote: Resolving deltas:  42% (3/7)[Kremote: Resolving deltas:  57% (4/7)[Kremote: Resolving deltas:  71% (5/7)[Kremote: Resolving deltas:  85% (6/7)[Kremote: Resolving deltas: 100% (7/7)[Kremote: Resolving deltas: 100% (7/7), completed with 7 local objects.[K
To https://github.com/squirmy0/website.git
   e2e95d8..708ce1e  master -> master
Branch 'master' set up to track remote branch 'master' from 'origin'.
]0;/stor/home/gs27275/website]0;gs27275@educcomp01: ~/website[01;32mgs27275@educcomp01[00m:[01;34m~/website[00m$ git push -u origin master[7Pcommit -m"7th"[9Padd .push -u origin masteradd .[K
^[[A]0;/stor/home/gs27275/website]0;gs27275@educcomp01: ~/website[01;32mgs27275@educcomp01[00m:[01;34m~/website[00m$ git add .push -u origin master[7Pcommit -m"7th"[1Ph"[1Ph"[1Ph""h"8h"th"
[master 5690cf8] 8th
 Committer: Grant Sinclair <gs27275@educcomp01.ccbb.utexas.edu>
Your name and email address were configured automatically based
on your username and hostname. Please check that they are accurate.
You can suppress this message by setting them explicitly. Run the
following command and follow the instructions in your editor to edit
your configuration file:

    git config --global --edit

After doing this, you may fix the identity used for this commit with:

    git commit --amend --reset-author

 4 files changed, 37 insertions(+), 7 deletions(-)
]0;/stor/home/gs27275/website]0;gs27275@educcomp01: ~/website[01;32mgs27275@educcomp01[00m:[01;34m~/website[00m$ git commit -m"8th"[9Padd .push -u origin master
Username for 'https://github.com': Squirmy0
Password for 'https://Squirmy0@github.com': 
Counting objects: 12, done.
Delta compression using up to 16 threads.
Compressing objects:   8% (1/12)   Compressing objects:  16% (2/12)   Compressing objects:  25% (3/12)   Compressing objects:  33% (4/12)   Compressing objects:  41% (5/12)   Compressing objects:  50% (6/12)   Compressing objects:  58% (7/12)   Compressing objects:  66% (8/12)   Compressing objects:  75% (9/12)   Compressing objects:  83% (10/12)   Compressing objects:  91% (11/12)   Compressing objects: 100% (12/12)   Compressing objects: 100% (12/12), done.
Writing objects:   8% (1/12)   Writing objects:  16% (2/12)   Writing objects:  25% (3/12)   Writing objects:  33% (4/12)   Writing objects:  41% (5/12)   Writing objects:  50% (6/12)   Writing objects:  58% (7/12)   Writing objects:  66% (8/12)   Writing objects:  75% (9/12)   Writing objects:  83% (10/12)   Writing objects:  91% (11/12)   Writing objects: 100% (12/12)   Writing objects: 100% (12/12), 1.45 KiB | 493.00 KiB/s, done.
Total 12 (delta 7), reused 0 (delta 0)
remote: Resolving deltas:   0% (0/7)[Kremote: Resolving deltas:  14% (1/7)[Kremote: Resolving deltas:  28% (2/7)[Kremote: Resolving deltas:  42% (3/7)[Kremote: Resolving deltas:  57% (4/7)[Kremote: Resolving deltas:  71% (5/7)[Kremote: Resolving deltas:  85% (6/7)[Kremote: Resolving deltas: 100% (7/7)[Kremote: Resolving deltas: 100% (7/7), completed with 7 local objects.[K
To https://github.com/squirmy0/website.git
   708ce1e..5690cf8  master -> master
Branch 'master' set up to track remote branch 'master' from 'origin'.
]0;/stor/home/gs27275/website]0;gs27275@educcomp01: ~/website[01;32mgs27275@educcomp01[00m:[01;34m~/website[00m$ git push -u origin master[7Pcommit -m"8th"[9Padd .
]0;/stor/home/gs27275/website]0;gs27275@educcomp01: ~/website[01;32mgs27275@educcomp01[00m:[01;34m~/website[00m$ git add .push -u origin master[7Pcommit -m"8th"[1Ph"[1Ph"9h"th"wh"oh"rh"kh"[1Ph"[1Ph"[1Ph"[1Ph"[1Ph"[1Ph"[C[1P"pls"work"[C
^[[A^[[A^[[D[master 5a769eb] plswork
 Committer: Grant Sinclair <gs27275@educcomp01.ccbb.utexas.edu>
Your name and email address were configured automatically based
on your username and hostname. Please check that they are accurate.
You can suppress this message by setting them explicitly. Run the
following command and follow the instructions in your editor to edit
your configuration file:

    git config --global --edit

After doing this, you may fix the identity used for this commit with:

    git commit --amend --reset-author

 1 file changed, 29 insertions(+), 1 deletion(-)
]0;/stor/home/gs27275/website]0;gs27275@educcomp01: ~/website[01;32mgs27275@educcomp01[00m:[01;34m~/website[00m$ git commit -m"plswork"add .[Kpush -u origin master
Username for 'https://github.com': Squirmy0
Password for 'https://Squirmy0@github.com': 
Counting objects: 6, done.
Delta compression using up to 16 threads.
Compressing objects:  16% (1/6)   Compressing objects:  33% (2/6)   Compressing objects:  50% (3/6)   Compressing objects:  66% (4/6)   Compressing objects:  83% (5/6)   Compressing objects: 100% (6/6)   Compressing objects: 100% (6/6), done.
Writing objects:  16% (1/6)   Writing objects:  33% (2/6)   Writing objects:  50% (3/6)   Writing objects:  66% (4/6)   Writing objects:  83% (5/6)   Writing objects: 100% (6/6)   Writing objects: 100% (6/6), 729 bytes | 729.00 KiB/s, done.
Total 6 (delta 3), reused 0 (delta 0)
remote: Resolving deltas:   0% (0/3)[Kremote: Resolving deltas:  33% (1/3)[Kremote: Resolving deltas:  66% (2/3)[Kremote: Resolving deltas: 100% (3/3)[Kremote: Resolving deltas: 100% (3/3), completed with 3 local objects.[K
To https://github.com/squirmy0/website.git
   5690cf8..5a769eb  master -> master
Branch 'master' set up to track remote branch 'master' from 'origin'.
]0;/stor/home/gs27275/website]0;gs27275@educcomp01: ~/website[01;32mgs27275@educcomp01[00m:[01;34m~/website[00m$ R_PDFVIEWER=/usr/bin/xdg-open
R_RD4PDF=times,inconsolata,hyper
LS_COLORS=rs=0:di=01;34:ln=01;36:mh=00:pi=40;33:so=01;35:do=01;35:bd=40;33;01:cd=40;33;01:or=40;31;01:mi=00:su=37;41:sg=30;43:ca=30;41:tw=30;42:ow=34;42:st=37;44:ex=01;32:*.tar=01;31:*.tgz=01;31:*.arc=01;31:*.arj=01;31:*.taz=01;31:*.lha=01;31:*.lz4=01;31:*.lzh=01;31:*.lzma=01;31:*.tlz=01;31:*.txz=01;31:*.tzo=01;31:*.t7z=01;31:*.zip=01;31:*.z=01;31:*.Z=01;31:*.dz=01;31:*.gz=01;31:*.lrz=01;31:*.lz=01;31:*.lzo=01;31:*.xz=01;31:*.zst=01;31:*.tzst=01;31:*.bz2=01;31:*.bz=01;31:*.tbz=01;31:*.tbz2=01;31:*.tz=01;31:*.deb=01;31:*.rpm=01;31:*.jar=01;31:*.war=01;31:*.ear=01;31:*.sar=01;31:*.rar=01;31:*.alz=01;31:*.ace=01;31:*.zoo=01;31:*.cpio=01;31:*.7z=01;31:*.rz=01;31:*.cab=01;31:*.wim=01;31:*.swm=01;31:*.dwm=01;31:*.esd=01;31:*.jpg=01;35:*.jpeg=01;35:*.mjpg=01;35:*.mjpeg=01;35:*.gif=01;35:*.bmp=01;35:*.pbm=01;35:*.pgm=01;35:*.ppm=01;35:*.tga=01;35:*.xbm=01;35:*.xpm=01;35:*.tif=01;35:*.tiff=01;35:*.png=01;35:*.svg=01;35:*.svgz=01;35:*.mng=01;35:*.pcx=01;35:*.mov=01;35:*.mpg=01;35:*.mpeg=01;35:*.m2v=01;35:*.mkv=01;35:*.webm=01;35:*.ogm=01;35:*.mp4=01;35:*.m4v=01;35:*.mp4v=01;35:*.vob=01;35:*.qt=01;35:*.nuv=01;35:*.wmv=01;35:*.asf=01;35:*.rm=01;35:*.rmvb=01;35:*.flc=01;35:*.avi=01;35:*.fli=01;35:*.flv=01;35:*.gl=01;35:*.dl=01;35:*.xcf=01;35:*.xwd=01;35:*.yuv=01;35:*.cgm=01;35:*.emf=01;35:*.ogv=01;35:*.ogx=01;35:*.aac=00;36:*.au=00;36:*.flac=00;36:*.m4a=00;36:*.mid=00;36:*.midi=00;36:*.mka=00;36:*.mp3=00;36:*.mpc=00;36:*.ogg=00;36:*.ra=00;36:*.wav=00;36:*.oga=00;36:*.opus=00;36:*.spx=00;36:*.xspf=00;36:
LD_LIBRARY_PATH=/usr/lib/R/lib::/lib:/usr/lib/x86_64-linux-gnu:/usr/lib/jvm/default-java/lib/server
GATK_HOME=/stor/system/opt/gatk-3.6
RS_RPOSTBACK_PATH=/usr/lib/rstudio-server/bin/rpostback
LESSCLOSE=/usr/bin/lesspipe %s %s
R_SHARE_DIR=/usr/share/R/share
LANG=en_US.UTF-8
HISTCONTROL=ignoreboth
DISPLAY=:0
RSTUDIO_HTTP_REFERER=https://educcomp01.ccbb.utexas.edu/rstudio/
TAR=/bin/tar
EDITOR=vi
R_BROWSER=xdg-open
R_DOC_DIR=/usr/share/R/doc
R_SESSION_TMPDIR=/tmp/RtmplU6CeB
LN_S=ln -s
RSTUDIO_SESSION_ID=819539bf
R_LIBS_USER=~/R/x86_64-pc-linux-gnu-library/3.4
SCHRODINGER=/stor/system/opt/Schrodinger
S_COLORS=auto
R_INCLUDE_DIR=/usr/share/R/include
USER=gs27275
PAGER=/usr/bin/pager
PWD=/stor/home/gs27275/website
SSH_ASKPASS=rpostback-askpass
HOME=/stor/home/gs27275
SED=/bin/sed
RSTUDIO_PANDOC=/usr/lib/rstudio-server/bin/pandoc
R_PAPERSIZE=letter
PHRED_PARAMETER_FILE=/usr/local/genome/lib/phredpar.datnexport
WORK=/stor/work/SDS348_Spring2020
XDG_DATA_DIRS=/usr/local/share:/usr/share:/var/lib/snapd/desktop
R_SYSTEM_ABI=linux,gcc,gxx,gfortran,?
RSTUDIO=1
R_ZIPCMD=/usr/bin/zip
R_PAPERSIZE_USER=letter
CLICOLOR_FORCE=1
R_HOME=/usr/lib/R
R_BZIPCMD=/bin/bzip2
SCRATCH=/stor/scratch/SDS348_Spring2020
RSTUDIO_USER_IDENTITY=gs27275
RMARKDOWN_MATHJAX_PATH=/usr/lib/rstudio-server/resources/mathjax-26
PICARD_HOME=/stor/system/opt/picard-tools-2.9.2
TERM=xterm-256color
R_PRINTCMD=/usr/bin/lpr
R_GZIPCMD=/bin/gzip -n
RSTUDIO_TERM=1945158C
RSTUDIO_WINUTILS=bin/winutils
SHLVL=3
PROMPT_COMMAND=echo -ne "\033]0;${PWD/#${HOME}/~}\007"
R_PLATFORM=x86_64-pc-linux-gnu
RSTUDIO_SESSION_STREAM=gs27275-d
R_LIBS_SITE=/usr/local/lib/R/site-library:/usr/lib/R/site-library:/usr/lib/R/library
MY_GROUP=SDS348_Spring2020
R_UNZIPCMD=/usr/bin/unzip
LOGNAME=gs27275
GIT_ASKPASS=rpostback-askpass
RSTUDIO_PROJ_NAME=website
RSTUDIO_CONSOLE_WIDTH=127
PATH=/stor/home/gs27275/bin:/stor/system/opt/cellranger-3.0.2:/stor/home/gs27275/bin:/stor/system/opt/cellranger-3.0.2:/stor/home/gs27275/bin:/stor/system/opt/cellranger-3.0.2:/usr/local/sbin:/usr/local/bin:/usr/sbin:/usr/bin:/sbin:/bin:/snap/bin:bin/msys-ssh-1000-18:/usr/local/genome/binn:/opt/dell/srvadmin/bin:bin/msys-ssh-1000-18:/usr/local/genome/binn:bin/msys-ssh-1000-18:/usr/local/genome/binn
RSTUDIO_CONSOLE_COLOR=256
R_TEXI2DVICMD=/usr/bin/texi2dvi
MAKE=make
LESSOPEN=| /usr/bin/lesspipe %s
_=/usr/bin/env
D7C66A23
]0;/stor/home/gs27275/website]0;gs27275@educcomp01: ~/website[01;32mgs27275@educcomp01[00m:[01;34m~/website[00m$ ^C
]0;/stor/home/gs27275/website]0;gs27275@educcomp01: ~/website[01;32mgs27275@educcomp01[00m:[01;34m~/website[00m$ git push -u origin master[3Pcommit -m"plswork"add .[Kcommit -m"plswork"add .[Kpush -u origin masteradd .[Kcommit -m"plswork"add .[Kpush -u origin masteradd .[K[K[K[K[K[K[K[K[K[Kgit push -u origin master
^[[A^[[A^[[B            ^C
]0;/stor/home/gs27275/website]0;gs27275@educcomp01: ~/website[01;32mgs27275@educcomp01[00m:[01;34m~/website[00m$ git push -u origin master[3Pcommit -m"plswork"[Kgit push -u origin master[7Pcommit -m"8th"[9Padd .
^[[A